// Jest Snapshot v1, https://goo.gl/fbAQLP

exports[`App Screen renders correctly 1`] = `null`;
