// Jest Snapshot v1, https://goo.gl/fbAQLP

exports[`renders correctly 1`] = `
<View
  style={
    Object {
      "flex": 1,
    }
  }
>
  <View
    style={
      Object {
        "flex": 1,
      }
    }
  >
    <Text
      style={
        Object {
          "fontSize": 40,
          "fontWeight": "800",
          "marginBottom": 30,
          "marginTop": 150,
          "textAlign": "center",
        }
      }
    >
      Flatmate
    </Text>
    <TextInput
      allowFontScaling={true}
      onBlur={[Function]}
      onChangeText={[Function]}
      placeholder="Username"
      placeholderColor="#c4c3cb"
      rejectResponderTermination={true}
      style={
        Object {
          "backgroundColor": "#fafafa",
          "borderColor": "#eaeaea",
          "borderRadius": 5,
          "borderWidth": 1,
          "fontSize": 14,
          "height": 43,
          "marginBottom": 5,
          "marginLeft": 15,
          "marginRight": 15,
          "marginTop": 5,
          "paddingLeft": 10,
        }
      }
      underlineColorAndroid="transparent"
      value=""
    />
    <TextInput
      allowFontScaling={true}
      onBlur={[Function]}
      onChangeText={[Function]}
      placeholder="Password"
      placeholderColor="#c4c3cb"
      rejectResponderTermination={true}
      secureTextEntry={true}
      style={
        Object {
          "backgroundColor": "#fafafa",
          "borderColor": "#eaeaea",
          "borderRadius": 5,
          "borderWidth": 1,
          "fontSize": 14,
          "height": 43,
          "marginBottom": 5,
          "marginLeft": 15,
          "marginRight": 15,
          "marginTop": 5,
          "paddingLeft": 10,
        }
      }
      underlineColorAndroid="transparent"
      value=""
    />
    <View
      style={
        Array [
          Object {
            "borderRadius": 3,
            "overflow": "hidden",
          },
          Object {
            "borderRadius": 3,
          },
          undefined,
          false,
        ]
      }
    >
      <View
        accessibilityRole="button"
        accessibilityState={
          Object {
            "busy": false,
            "disabled": false,
          }
        }
        accessible={true}
        focusable={true}
        onClick={[Function]}
        onResponderGrant={[Function]}
        onResponderMove={[Function]}
        onResponderRelease={[Function]}
        onResponderTerminate={[Function]}
        onResponderTerminationRequest={[Function]}
        onStartShouldSetResponder={[Function]}
        style={
          Object {
            "opacity": 1,
          }
        }
      >
        <View
          style={
            Object {
              "alignItems": "center",
              "backgroundColor": "#3897f1",
              "borderColor": "#2089dc",
              "borderRadius": 5,
              "borderWidth": 0,
              "flexDirection": "row",
              "height": 45,
              "justifyContent": "center",
              "marginLeft": 25,
              "marginRight": 25,
              "marginTop": 10,
              "padding": 8,
            }
          }
        >
          <Text
            style={
              Object {
                "color": "white",
                "fontSize": 18,
                "paddingVertical": 1,
                "textAlign": "center",
              }
            }
          >
            Submit
          </Text>
        </View>
      </View>
    </View>
  </View>
</View>
`;
